// Jest Snapshot v1, https://goo.gl/fbAQLP

exports[`NavbarItem component should render correctly 1`] = `
<styled.a
  className=""
  href="/test"
>
  <styled.div>
    <Icon
      alt="Icon"
      height={24}
      src="test"
      width={24}
    />
  </styled.div>
</styled.a>
`;
