// Jest Snapshot v1, https://goo.gl/fbAQLP

exports[`Error component should render correctly 1`] = `
<styled.div>
  Test
</styled.div>
`;
