// Jest Snapshot v1, https://goo.gl/fbAQLP

exports[`Empty with Enzyme and Jest should render correctly 1`] = `<styled.div />`;
