// Jest Snapshot v1, https://goo.gl/fbAQLP

exports[`Tag component should render correctly 1`] = `
<styled.div>
  Tag
</styled.div>
`;
