// Jest Snapshot v1, https://goo.gl/fbAQLP

exports[`Dot component should render correctly 1`] = `<styled.div />`;
