// Jest Snapshot v1, https://goo.gl/fbAQLP

exports[`Card component should render correctly 1`] = `
<styled.div
  height="auto"
  padding="3rem"
  width="auto"
>
  Card
</styled.div>
`;
