// Jest Snapshot v1, https://goo.gl/fbAQLP

exports[`Icon component should render correctly 1`] = `
<styled.img
  alt="Icon"
  height={24}
  src="/icons/settings.svg"
  width={24}
/>
`;
